[2026-01-29 19:15:54] [INFO] ==================================================
[2026-01-29 19:15:54] [INFO] 사이클 1 시작
[2026-01-29 19:15:54] [INFO] ==================================================
[2026-01-29 19:17:37] [INFO] 프로그램이 사용자에 의해 중단되었습니다.
[2026-01-29 19:17:37] [INFO] 디버깅 Chrome 정리 중...
[2026-01-29 19:17:41] [INFO] === iParking 자동화 프로그램 종료 ===
[2026-01-29 20:24:06] [INFO] ==================================================
[2026-01-29 20:24:06] [INFO] 사이클 1 시작
[2026-01-29 20:24:06] [INFO] ==================================================
[2026-01-29 20:24:48] [INFO] 프로그램이 사용자에 의해 중단되었습니다.
[2026-01-29 20:24:48] [INFO] 디버깅 Chrome 정리 중...
[2026-01-29 20:24:52] [INFO] === iParking 자동화 프로그램 종료 ===
[2026-01-29 20:30:00] [INFO] ==================================================
[2026-01-29 20:30:00] [INFO] 사이클 1 시작
[2026-01-29 20:30:00] [INFO] ==================================================
[2026-01-29 20:33:06] [INFO] 프로그램이 사용자에 의해 중단되었습니다.
[2026-01-29 20:33:06] [INFO] 디버깅 Chrome 정리 중...
[2026-01-29 20:33:10] [INFO] === iParking 자동화 프로그램 종료 ===
[2026-01-29 20:41:47] [INFO] ==================================================
[2026-01-29 20:41:47] [INFO] 사이클 1 시작
[2026-01-29 20:41:47] [INFO] ==================================================
[2026-01-29 20:43:40] [INFO] 프로그램이 사용자에 의해 중단되었습니다.
[2026-01-29 20:43:40] [INFO] 디버깅 Chrome 정리 중...
[2026-01-29 20:43:44] [INFO] === iParking 자동화 프로그램 종료 ===
[2026-01-29 20:44:26] [INFO] ==================================================
[2026-01-29 20:44:26] [INFO] 사이클 1 시작
[2026-01-29 20:44:26] [INFO] ==================================================
[2026-01-29 21:07:15] [INFO] 다음 실행까지 300초(5분) 대기 중...
[2026-01-29 21:07:15] [INFO] 다음 실행 예정 시간: 2026-01-29 21:12:15
[2026-01-29 21:09:25] [INFO] 프로그램이 사용자에 의해 중단되었습니다.
[2026-01-29 21:09:25] [INFO] 디버깅 Chrome 정리 중...
[2026-01-29 21:09:25] [INFO] === iParking 자동화 프로그램 종료 ===
[2026-01-29 21:09:57] [INFO] ==================================================
[2026-01-29 21:09:57] [INFO] 사이클 1 시작
[2026-01-29 21:09:57] [INFO] ==================================================
